src/components/TypesSection.tsx(1,8): error TS1259: Module '"D:/1FLY/perturbanismo-decoded/node_modules/@types/react/index"' can only be default-imported using the 'esModuleInterop' flag
src/components/TypesSection.tsx(2,27): error TS2307: Cannot find module '../assets/type-structural.jpg' or its corresponding type declarations.
src/components/TypesSection.tsx(3,23): error TS2307: Cannot find module '../assets/type-visual.jpg' or its corresponding type declarations.
src/components/TypesSection.tsx(4,24): error TS2307: Cannot find module '../assets/type-citizen.jpg' or its corresponding type declarations.
src/components/TypesSection.tsx(5,30): error TS2307: Cannot find module '../assets/type-psychological.jpg' or its corresponding type declarations.
src/components/TypesSection.tsx(6,30): error TS2307: Cannot find module '../assets/type-institutional.jpg' or its corresponding type declarations.
src/components/TypesSection.tsx(7,25): error TS2307: Cannot find module '../assets/type-cultural.jpg' or its corresponding type declarations.
src/components/TypesSection.tsx(108,5): error TS17004: Cannot use JSX unless the '--jsx' flag is provided.
src/components/TypesSection.tsx(109,7): error TS17004: Cannot use JSX unless the '--jsx' flag is provided.
src/components/TypesSection.tsx(111,7): error TS17004: Cannot use JSX unless the '--jsx' flag is provided.
src/components/TypesSection.tsx(112,9): error TS17004: Cannot use JSX unless the '--jsx' flag is provided.
src/components/TypesSection.tsx(113,11): error TS17004: Cannot use JSX unless the '--jsx' flag is provided.
src/components/TypesSection.tsx(114,22): error TS17004: Cannot use JSX unless the '--jsx' flag is provided.
src/components/TypesSection.tsx(116,11): error TS17004: Cannot use JSX unless the '--jsx' flag is provided.
src/components/TypesSection.tsx(117,11): error TS17004: Cannot use JSX unless the '--jsx' flag is provided.
src/components/TypesSection.tsx(122,9): error TS17004: Cannot use JSX unless the '--jsx' flag is provided.
src/components/TypesSection.tsx(124,13): error TS17004: Cannot use JSX unless the '--jsx' flag is provided.
src/components/TypesSection.tsx(126,15): error TS17004: Cannot use JSX unless the '--jsx' flag is provided.
src/components/TypesSection.tsx(127,17): error TS17004: Cannot use JSX unless the '--jsx' flag is provided.
src/components/TypesSection.tsx(128,19): error TS17004: Cannot use JSX unless the '--jsx' flag is provided.
src/components/TypesSection.tsx(129,19): error TS17004: Cannot use JSX unless the '--jsx' flag is provided.
src/components/TypesSection.tsx(130,21): error TS17004: Cannot use JSX unless the '--jsx' flag is provided.
src/components/TypesSection.tsx(135,21): error TS17004: Cannot use JSX unless the '--jsx' flag is provided.
src/components/TypesSection.tsx(143,15): error TS17004: Cannot use JSX unless the '--jsx' flag is provided.
src/components/TypesSection.tsx(144,17): error TS17004: Cannot use JSX unless the '--jsx' flag is provided.
src/components/TypesSection.tsx(145,19): error TS17004: Cannot use JSX unless the '--jsx' flag is provided.
src/components/TypesSection.tsx(146,19): error TS17004: Cannot use JSX unless the '--jsx' flag is provided.
src/components/TypesSection.tsx(149,17): error TS17004: Cannot use JSX unless the '--jsx' flag is provided.
src/components/TypesSection.tsx(151,17): error TS17004: Cannot use JSX unless the '--jsx' flag is provided.
src/components/TypesSection.tsx(152,19): error TS17004: Cannot use JSX unless the '--jsx' flag is provided.
src/components/TypesSection.tsx(153,21): error TS17004: Cannot use JSX unless the '--jsx' flag is provided.
src/components/TypesSection.tsx(154,23): error TS17004: Cannot use JSX unless the '--jsx' flag is provided.
src/components/TypesSection.tsx(156,21): error TS17004: Cannot use JSX unless the '--jsx' flag is provided.
src/components/TypesSection.tsx(158,25): error TS17004: Cannot use JSX unless the '--jsx' flag is provided.
src/components/TypesSection.tsx(159,27): error TS17004: Cannot use JSX unless the '--jsx' flag is provided.
src/components/TypesSection.tsx(165,19): error TS17004: Cannot use JSX unless the '--jsx' flag is provided.
src/components/TypesSection.tsx(166,21): error TS17004: Cannot use JSX unless the '--jsx' flag is provided.
src/components/TypesSection.tsx(167,23): error TS17004: Cannot use JSX unless the '--jsx' flag is provided.
src/components/TypesSection.tsx(168,23): error TS17004: Cannot use JSX unless the '--jsx' flag is provided.
src/components/TypesSection.tsx(170,21): error TS17004: Cannot use JSX unless the '--jsx' flag is provided.
src/components/TypesSection.tsx(171,23): error TS17004: Cannot use JSX unless the '--jsx' flag is provided.
src/components/TypesSection.tsx(172,23): error TS17004: Cannot use JSX unless the '--jsx' flag is provided.
src/components/TypesSection.tsx(180,19): error TS17004: Cannot use JSX unless the '--jsx' flag is provided.
src/components/TypesSection.tsx(181,21): error TS17004: Cannot use JSX unless the '--jsx' flag is provided.
src/components/TypesSection.tsx(182,21): error TS17004: Cannot use JSX unless the '--jsx' flag is provided.
src/components/TypesSection.tsx(191,9): error TS17004: Cannot use JSX unless the '--jsx' flag is provided.
src/components/TypesSection.tsx(192,11): error TS17004: Cannot use JSX unless the '--jsx' flag is provided.
src/components/TypesSection.tsx(193,11): error TS17004: Cannot use JSX unless the '--jsx' flag is provided.
src/components/TypesSection.tsx(194,13): error TS17004: Cannot use JSX unless the '--jsx' flag is provided.
src/components/TypesSection.tsx(195,13): error TS17004: Cannot use JSX unless the '--jsx' flag is provided.
src/components/TypesSection.tsx(198,13): error TS17004: Cannot use JSX unless the '--jsx' flag is provided.
src/components/TypesSection.tsx(207,17): error TS17004: Cannot use JSX unless the '--jsx' flag is provided.
src/components/TypesSection.tsx(208,19): error TS17004: Cannot use JSX unless the '--jsx' flag is provided.
src/components/TypesSection.tsx(209,19): error TS17004: Cannot use JSX unless the '--jsx' flag is provided.
src/pages/Index.tsx(1,20): error TS2307: Cannot find module '@/components/Navbar' or its corresponding type declarations.
src/pages/Index.tsx(2,25): error TS2307: Cannot find module '@/components/HeroSection' or its corresponding type declarations.
src/pages/Index.tsx(3,26): error TS2307: Cannot find module '@/components/IntroSection' or its corresponding type declarations.
src/pages/Index.tsx(4,26): error TS2307: Cannot find module '@/components/MusicSection' or its corresponding type declarations.
src/pages/Index.tsx(5,25): error TS2307: Cannot find module '@/components/BlogSection' or its corresponding type declarations.
src/pages/Index.tsx(6,25): error TS2307: Cannot find module '@/components/BookSection' or its corresponding type declarations.
src/pages/Index.tsx(7,27): error TS2307: Cannot find module '@/components/AuthorSection' or its corresponding type declarations.
src/pages/Index.tsx(8,23): error TS2307: Cannot find module '@/components/SongsList' or its corresponding type declarations.
src/pages/Index.tsx(9,28): error TS2307: Cannot find module '@/components/GallerySection' or its corresponding type declarations.
src/pages/Index.tsx(10,28): error TS2307: Cannot find module '@/components/ContactSection' or its corresponding type declarations.
src/pages/Index.tsx(11,20): error TS2307: Cannot find module '@/components/Footer' or its corresponding type declarations.
src/pages/Index.tsx(12,26): error TS2307: Cannot find module '@/components/TypesSection' or its corresponding type declarations.
src/pages/Index.tsx(16,3): error TS17004: Cannot use JSX unless the '--jsx' flag is provided.
src/pages/Index.tsx(17,5): error TS17004: Cannot use JSX unless the '--jsx' flag is provided.
src/pages/Index.tsx(18,5): error TS17004: Cannot use JSX unless the '--jsx' flag is provided.
src/pages/Index.tsx(19,7): error TS17004: Cannot use JSX unless the '--jsx' flag is provided.
src/pages/Index.tsx(20,7): error TS17004: Cannot use JSX unless the '--jsx' flag is provided.
src/pages/Index.tsx(21,7): error TS17004: Cannot use JSX unless the '--jsx' flag is provided.
src/pages/Index.tsx(22,7): error TS17004: Cannot use JSX unless the '--jsx' flag is provided.
src/pages/Index.tsx(23,7): error TS17004: Cannot use JSX unless the '--jsx' flag is provided.
src/pages/Index.tsx(24,7): error TS17004: Cannot use JSX unless the '--jsx' flag is provided.
src/pages/Index.tsx(25,7): error TS17004: Cannot use JSX unless the '--jsx' flag is provided.
src/pages/Index.tsx(26,7): error TS17004: Cannot use JSX unless the '--jsx' flag is provided.
src/pages/Index.tsx(27,7): error TS17004: Cannot use JSX unless the '--jsx' flag is provided.
src/pages/Index.tsx(28,7): error TS17004: Cannot use JSX unless the '--jsx' flag is provided.
src/pages/Index.tsx(30,5): error TS17004: Cannot use JSX unless the '--jsx' flag is provided.
